127.0.0.1 - - [09/Sep/2017:08:54:12 +0800] "GET / HTTP/1.1" 404 1073
127.0.0.1 - - [09/Sep/2017:08:54:23 +0800] "GET / HTTP/1.1" 404 1073
0:0:0:0:0:0:0:1 - - [09/Sep/2017:08:54:55 +0800] "GET /learnByDoing/jsp/Test1.jsp HTTP/1.1" 200 285
0:0:0:0:0:0:0:1 - - [09/Sep/2017:08:55:34 +0800] "GET /learnByDoing/jsp/Test1.jsp HTTP/1.1" 200 285
0:0:0:0:0:0:0:1 - - [09/Sep/2017:08:55:34 +0800] "GET /favicon.ico HTTP/1.1" 404 1084
0:0:0:0:0:0:0:1 - - [09/Sep/2017:08:57:04 +0800] "GET /learnByDoing/jsp/Test1.jsp HTTP/1.1" 200 292
0:0:0:0:0:0:0:1 - - [09/Sep/2017:08:57:17 +0800] "GET /learnByDoing/jsp/Test1.jsp HTTP/1.1" 500 3981
0:0:0:0:0:0:0:1 - - [09/Sep/2017:08:57:34 +0800] "GET /learnByDoing/jsp/Test1.jsp HTTP/1.1" 500 2464
0:0:0:0:0:0:0:1 - - [09/Sep/2017:08:58:22 +0800] "GET /learnByDoing/jsp/Test1.jsp HTTP/1.1" 200 294
0:0:0:0:0:0:0:1 - - [09/Sep/2017:08:59:40 +0800] "GET /learnByDoing/jsp/Test1.jsp HTTP/1.1" 200 294
0:0:0:0:0:0:0:1 - - [09/Sep/2017:09:23:32 +0800] "GET /learnByDoing/jsp/Test1.jsp HTTP/1.1" 200 294
0:0:0:0:0:0:0:1 - - [09/Sep/2017:09:23:56 +0800] "GET /learnByDoing/jsp/Test1.jsp HTTP/1.1" 500 278
127.0.0.1 - - [09/Sep/2017:09:28:08 +0800] "GET / HTTP/1.1" 404 1073
0:0:0:0:0:0:0:1 - - [09/Sep/2017:09:28:13 +0800] "GET /learnByDoing/jsp/Test1.jsp HTTP/1.1" 500 278
0:0:0:0:0:0:0:1 - - [09/Sep/2017:09:28:15 +0800] "GET /learnByDoing/jsp/Test1.jsp HTTP/1.1" 500 278
0:0:0:0:0:0:0:1 - - [09/Sep/2017:09:28:31 +0800] "GET /learnByDoing/jsp/Test1.jsp HTTP/1.1" 500 2624
127.0.0.1 - - [09/Sep/2017:09:28:55 +0800] "GET / HTTP/1.1" 404 1073
0:0:0:0:0:0:0:1 - - [09/Sep/2017:09:29:07 +0800] "GET /learnByDoing/jsp/Test1.jsp HTTP/1.1" 500 2394
127.0.0.1 - - [09/Sep/2017:09:29:39 +0800] "GET / HTTP/1.1" 404 1073
0:0:0:0:0:0:0:1 - - [09/Sep/2017:09:29:56 +0800] "GET /learnByDoing/jsp/Test1.jsp HTTP/1.1" 500 2394
0:0:0:0:0:0:0:1 - - [09/Sep/2017:09:29:57 +0800] "GET /learnByDoing/jsp/Test1.jsp HTTP/1.1" 500 2394
127.0.0.1 - - [09/Sep/2017:09:30:43 +0800] "GET / HTTP/1.1" 404 1073
0:0:0:0:0:0:0:1 - - [09/Sep/2017:09:30:45 +0800] "GET /learnByDoing/jsp/Test1.jsp HTTP/1.1" 500 2394
127.0.0.1 - - [09/Sep/2017:09:31:35 +0800] "GET / HTTP/1.1" 404 1073
0:0:0:0:0:0:0:1 - - [09/Sep/2017:09:31:38 +0800] "GET /learnByDoing/jsp/Test1.jsp HTTP/1.1" 500 2394
127.0.0.1 - - [09/Sep/2017:09:31:53 +0800] "GET / HTTP/1.1" 404 1073
0:0:0:0:0:0:0:1 - - [09/Sep/2017:09:31:55 +0800] "GET /learnByDoing/jsp/Test1.jsp HTTP/1.1" 500 2394
0:0:0:0:0:0:0:1 - - [09/Sep/2017:09:32:00 +0800] "GET /learnByDoing/jsp/Test1.jsp HTTP/1.1" 500 2394
127.0.0.1 - - [09/Sep/2017:09:32:24 +0800] "GET / HTTP/1.1" 404 1073
0:0:0:0:0:0:0:1 - - [09/Sep/2017:09:32:28 +0800] "GET /learnByDoing/jsp/Test1.jsp HTTP/1.1" 500 2394
127.0.0.1 - - [09/Sep/2017:09:33:17 +0800] "GET / HTTP/1.1" 404 1073
0:0:0:0:0:0:0:1 - - [09/Sep/2017:09:33:18 +0800] "GET /learnByDoing/jsp/Test1.jsp HTTP/1.1" 500 2394
127.0.0.1 - - [09/Sep/2017:09:33:29 +0800] "GET / HTTP/1.1" 404 1073
0:0:0:0:0:0:0:1 - - [09/Sep/2017:09:33:32 +0800] "GET /learnByDoing/jsp/Test1.jsp HTTP/1.1" 500 2394
0:0:0:0:0:0:0:1 - - [09/Sep/2017:09:33:34 +0800] "GET /learnByDoing/jsp/Test1.jsp HTTP/1.1" 500 2394
0:0:0:0:0:0:0:1 - - [09/Sep/2017:09:33:46 +0800] "GET /learnByDoing/jsp/Test1.jsp HTTP/1.1" 500 2394
127.0.0.1 - - [09/Sep/2017:09:34:25 +0800] "GET / HTTP/1.1" 404 1073
0:0:0:0:0:0:0:1 - - [09/Sep/2017:09:34:28 +0800] "GET /learnByDoing/jsp/Test1.jsp HTTP/1.1" 500 2394
127.0.0.1 - - [09/Sep/2017:09:34:50 +0800] "GET / HTTP/1.1" 404 1073
0:0:0:0:0:0:0:1 - - [09/Sep/2017:09:34:53 +0800] "GET /learnByDoing/jsp/Test1.jsp HTTP/1.1" 500 2394
127.0.0.1 - - [09/Sep/2017:09:35:21 +0800] "GET / HTTP/1.1" 404 1073
0:0:0:0:0:0:0:1 - - [09/Sep/2017:09:35:21 +0800] "GET /learnByDoing/jsp/Test1.jsp HTTP/1.1" 500 2394
0:0:0:0:0:0:0:1 - - [09/Sep/2017:09:35:27 +0800] "GET /learnByDoing/jsp/Test1.jsp HTTP/1.1" 500 2394
127.0.0.1 - - [09/Sep/2017:09:35:53 +0800] "GET / HTTP/1.1" 404 1073
0:0:0:0:0:0:0:1 - - [09/Sep/2017:09:35:56 +0800] "GET /learnByDoing/jsp/Test1.jsp HTTP/1.1" 500 2394
127.0.0.1 - - [09/Sep/2017:09:36:07 +0800] "GET / HTTP/1.1" 404 1073
0:0:0:0:0:0:0:1 - - [09/Sep/2017:09:36:08 +0800] "GET /learnByDoing/jsp/Test1.jsp HTTP/1.1" 500 2394
127.0.0.1 - - [09/Sep/2017:09:36:20 +0800] "GET / HTTP/1.1" 404 1073
0:0:0:0:0:0:0:1 - - [09/Sep/2017:09:36:24 +0800] "GET /learnByDoing/jsp/Test1.jsp HTTP/1.1" 500 2394
127.0.0.1 - - [09/Sep/2017:09:36:34 +0800] "GET / HTTP/1.1" 404 1073
0:0:0:0:0:0:0:1 - - [09/Sep/2017:09:36:38 +0800] "GET /learnByDoing/jsp/Test1.jsp HTTP/1.1" 500 2394
127.0.0.1 - - [09/Sep/2017:09:36:51 +0800] "GET / HTTP/1.1" 404 1073
0:0:0:0:0:0:0:1 - - [09/Sep/2017:09:36:54 +0800] "GET /learnByDoing/jsp/Test1.jsp HTTP/1.1" 500 2394
0:0:0:0:0:0:0:1 - - [09/Sep/2017:09:39:20 +0800] "GET /learnByDoing/jsp/Test1.jsp HTTP/1.1" 500 2394
127.0.0.1 - - [09/Sep/2017:09:39:30 +0800] "GET / HTTP/1.1" 404 1073
0:0:0:0:0:0:0:1 - - [09/Sep/2017:09:39:36 +0800] "GET /learnByDoing/jsp/Test1.jsp HTTP/1.1" 500 2394
0:0:0:0:0:0:0:1 - - [09/Sep/2017:09:39:38 +0800] "GET /learnByDoing/jsp/Test1.jsp HTTP/1.1" 500 2394
127.0.0.1 - - [09/Sep/2017:09:40:43 +0800] "GET / HTTP/1.1" 404 1073
0:0:0:0:0:0:0:1 - - [09/Sep/2017:09:40:58 +0800] "GET /learnByDoing/jsp/Test1.jsp HTTP/1.1" 500 2394
0:0:0:0:0:0:0:1 - - [09/Sep/2017:09:41:41 +0800] "GET /learnByDoing/jsp/Test1.jsp HTTP/1.1" 500 2394
127.0.0.1 - - [09/Sep/2017:09:43:58 +0800] "GET / HTTP/1.1" 404 1073
0:0:0:0:0:0:0:1 - - [09/Sep/2017:09:44:06 +0800] "GET /learnByDoing/WEB-INF/jsp/Test1.jsp HTTP/1.1" 404 1050
127.0.0.1 - - [09/Sep/2017:09:44:18 +0800] "GET / HTTP/1.1" 404 1073
0:0:0:0:0:0:0:1 - - [09/Sep/2017:09:44:19 +0800] "GET /learnByDoing/WEB-INF/jsp/Test1.jsp HTTP/1.1" 404 1050
0:0:0:0:0:0:0:1 - - [09/Sep/2017:09:44:23 +0800] "GET /learnByDoing/WEB-INF/jsp/Test1.jsp HTTP/1.1" 404 1050
127.0.0.1 - - [09/Sep/2017:09:44:33 +0800] "GET / HTTP/1.1" 404 1073
127.0.0.1 - - [09/Sep/2017:09:44:59 +0800] "GET / HTTP/1.1" 404 1073
0:0:0:0:0:0:0:1 - - [09/Sep/2017:09:45:18 +0800] "GET /learnByDoing/jsp/error.jsp HTTP/1.1" 200 278
0:0:0:0:0:0:0:1 - - [09/Sep/2017:09:45:28 +0800] "GET /learnByDoing/jsp/Test1.jsp HTTP/1.1" 500 2394
0:0:0:0:0:0:0:1 - - [09/Sep/2017:09:47:39 +0800] "GET /learnByDoing/jsp/Test1.jsp HTTP/1.1" 500 2394
127.0.0.1 - - [09/Sep/2017:09:47:45 +0800] "GET / HTTP/1.1" 404 1073
0:0:0:0:0:0:0:1 - - [09/Sep/2017:09:47:52 +0800] "GET /learnByDoing/jsp/Tet1.jsp HTTP/1.1" 404 1098
127.0.0.1 - - [09/Sep/2017:09:49:30 +0800] "GET / HTTP/1.1" 404 1073
0:0:0:0:0:0:0:1 - - [09/Sep/2017:09:49:32 +0800] "GET /learnByDoing/jsp/Tet1.jsp HTTP/1.1" 404 1098
0:0:0:0:0:0:0:1 - - [09/Sep/2017:09:49:42 +0800] "GET /learnByDoing/jsp/Tet1.jsp HTTP/1.1" 404 1098
0:0:0:0:0:0:0:1 - - [09/Sep/2017:09:49:43 +0800] "GET /favicon.ico HTTP/1.1" 404 1084
127.0.0.1 - - [09/Sep/2017:09:49:56 +0800] "GET / HTTP/1.1" 404 1073
0:0:0:0:0:0:0:1 - - [09/Sep/2017:09:50:00 +0800] "GET /learnByDoing/jsp/Tet1.jsp HTTP/1.1" 404 1098
127.0.0.1 - - [09/Sep/2017:09:51:15 +0800] "GET / HTTP/1.1" 404 1073
0:0:0:0:0:0:0:1 - - [09/Sep/2017:09:51:19 +0800] "GET /learnByDoing/jsp/Tet1.jsp HTTP/1.1" 404 1098
127.0.0.1 - - [09/Sep/2017:09:51:57 +0800] "GET / HTTP/1.1" 404 1073
0:0:0:0:0:0:0:1 - - [09/Sep/2017:09:52:00 +0800] "GET /learnByDoing/jsp/Tet1.jsp HTTP/1.1" 404 1098
127.0.0.1 - - [09/Sep/2017:09:53:12 +0800] "GET / HTTP/1.1" 404 1073
0:0:0:0:0:0:0:1 - - [09/Sep/2017:09:53:16 +0800] "GET /learnByDoing/jsp/Tet1.jsp HTTP/1.1" 404 1098
0:0:0:0:0:0:0:1 - - [09/Sep/2017:09:53:16 +0800] "GET /favicon.ico HTTP/1.1" 404 1084
0:0:0:0:0:0:0:1 - - [09/Sep/2017:09:53:29 +0800] "GET /learnByDoing/jsp/Test1.jsp HTTP/1.1" 404 1099
0:0:0:0:0:0:0:1 - - [09/Sep/2017:09:53:32 +0800] "GET /learnByDoing/jsp/Test1.jsp HTTP/1.1" 404 1099
0:0:0:0:0:0:0:1 - - [09/Sep/2017:09:53:34 +0800] "GET /learnByDoing/jsp/Test1.jsp HTTP/1.1" 404 1099
0:0:0:0:0:0:0:1 - - [09/Sep/2017:09:53:39 +0800] "GET /learnByDoing/jp/Test1.jsp HTTP/1.1" 500 2621
127.0.0.1 - - [09/Sep/2017:09:54:32 +0800] "GET / HTTP/1.1" 404 1073
127.0.0.1 - - [09/Sep/2017:09:54:44 +0800] "GET / HTTP/1.1" 404 1073
0:0:0:0:0:0:0:1 - - [09/Sep/2017:09:54:47 +0800] "GET /learnByDoing/jp/Test1.jsp HTTP/1.1" 500 2393
0:0:0:0:0:0:0:1 - - [09/Sep/2017:09:54:54 +0800] "GET /learnByDoing/jp/Tet1.jsp HTTP/1.1" 404 1097
0:0:0:0:0:0:0:1 - - [09/Sep/2017:09:56:46 +0800] "GET /learnByDoing/jp/Tet1.jsp HTTP/1.1" 404 1097
0:0:0:0:0:0:0:1 - - [09/Sep/2017:09:57:00 +0800] "GET /learnByDoing/jp/Tet1.jsp HTTP/1.1" 404 1097
0:0:0:0:0:0:0:1 - - [09/Sep/2017:09:57:20 +0800] "GET /learnByDoing/jp/Tet1.jsp HTTP/1.1" 404 1097
0:0:0:0:0:0:0:1 - - [09/Sep/2017:09:57:33 +0800] "GET /learnByDoing/jp/Tet1.jsp HTTP/1.1" 404 1097
0:0:0:0:0:0:0:1 - - [09/Sep/2017:09:57:40 +0800] "GET /learnByDoing/jp/Tet1.jsp HTTP/1.1" 404 1097
0:0:0:0:0:0:0:1 - - [09/Sep/2017:09:57:42 +0800] "GET /learnByDoing/jp/Tet1.jsp HTTP/1.1" 404 1097
0:0:0:0:0:0:0:1 - - [09/Sep/2017:09:57:46 +0800] "GET /learnByDoing/jsp/Tet1.jsp HTTP/1.1" 404 1098
119.118.21.97 - - [09/Sep/2017:09:57:54 +0800] "CONNECT boxun.com:443 HTTP/1.1" 400 -
123.191.133.71 - - [09/Sep/2017:09:57:54 +0800] "CONNECT www.voanews.com:443 HTTP/1.1" 400 -
117.13.169.120 - - [09/Sep/2017:09:57:54 +0800] "GET / HTTP/1.1" 404 1073
124.235.138.207 - - [09/Sep/2017:09:57:54 +0800] "GET / HTTP/1.1" 404 1073
58.19.57.49 - - [09/Sep/2017:09:57:54 +0800] "GET / HTTP/1.1" 404 1073
58.19.56.40 - - [09/Sep/2017:09:57:54 +0800] "GET / HTTP/1.1" 404 1073
116.249.62.217 - - [09/Sep/2017:09:57:54 +0800] "CONNECT www.baidu.com:443 HTTP/1.1" 400 -
112.66.98.145 - - [09/Sep/2017:09:57:55 +0800] "GET /english/ HTTP/1.1" 404 1081
113.63.81.226 - - [09/Sep/2017:09:57:55 +0800] "GET / HTTP/1.1" 404 1073
0:0:0:0:0:0:0:1 - - [09/Sep/2017:09:57:55 +0800] "GET /learnByDoing/jsp/Tet1.jsp HTTP/1.1" 404 1098
127.0.0.1 - - [09/Sep/2017:09:59:35 +0800] "GET / HTTP/1.1" 404 1073
0:0:0:0:0:0:0:1 - - [09/Sep/2017:09:59:40 +0800] "GET /learnByDoing/jsp/Tet1.jsp HTTP/1.1" 404 1098
0:0:0:0:0:0:0:1 - - [09/Sep/2017:09:59:42 +0800] "GET /learnByDoing/jsp/Tet1.jsp HTTP/1.1" 404 1098
0:0:0:0:0:0:0:1 - - [09/Sep/2017:09:59:54 +0800] "GET /learnByDoing/Test1.jsp HTTP/1.1" 500 2612
127.0.0.1 - - [09/Sep/2017:10:05:56 +0800] "GET / HTTP/1.1" 404 1073
0:0:0:0:0:0:0:1 - - [09/Sep/2017:10:06:04 +0800] "GET /learnByDoing/jp/Tet1.jsp HTTP/1.1" 404 1097
0:0:0:0:0:0:0:1 - - [09/Sep/2017:10:06:06 +0800] "GET /learnByDoing/jp/Tet1.jsp HTTP/1.1" 404 1097
0:0:0:0:0:0:0:1 - - [09/Sep/2017:10:06:26 +0800] "GET /learnByDoing/jsp/Test1.jsp HTTP/1.1" 500 2394
0:0:0:0:0:0:0:1 - - [09/Sep/2017:10:08:02 +0800] "GET /learnByDoing/jsp/Tet1.jsp HTTP/1.1" 404 1098
127.0.0.1 - - [09/Sep/2017:10:09:46 +0800] "GET / HTTP/1.1" 404 1073
0:0:0:0:0:0:0:1 - - [09/Sep/2017:10:09:53 +0800] "GET /learnByDoing/Test1.jsp HTTP/1.1" 404 1095
0:0:0:0:0:0:0:1 - - [09/Sep/2017:10:10:09 +0800] "GET /learnByDoing/view/Test1.jsp HTTP/1.1" 500 2627
127.0.0.1 - - [09/Sep/2017:10:10:43 +0800] "GET / HTTP/1.1" 404 1073
0:0:0:0:0:0:0:1 - - [09/Sep/2017:10:10:47 +0800] "GET /learnByDoing/view/Test1.jsp HTTP/1.1" 500 2395
0:0:0:0:0:0:0:1 - - [09/Sep/2017:10:10:49 +0800] "GET /learnByDoing/view/Test1.jsp HTTP/1.1" 500 2395
0:0:0:0:0:0:0:1 - - [09/Sep/2017:10:11:31 +0800] "GET /learnByDoing/ HTTP/1.1" 404 1086
0:0:0:0:0:0:0:1 - - [09/Sep/2017:10:11:46 +0800] "GET /learnByDoing/ HTTP/1.1" 404 1086
127.0.0.1 - - [09/Sep/2017:10:11:55 +0800] "GET / HTTP/1.1" 404 1073
0:0:0:0:0:0:0:1 - - [09/Sep/2017:10:12:00 +0800] "GET /learnByDoing/ HTTP/1.1" 404 1086
0:0:0:0:0:0:0:1 - - [09/Sep/2017:10:12:01 +0800] "GET /learnByDoing/ HTTP/1.1" 404 1086
0:0:0:0:0:0:0:1 - - [09/Sep/2017:10:12:03 +0800] "GET /learnByDoing HTTP/1.1" 302 -
0:0:0:0:0:0:0:1 - - [09/Sep/2017:10:12:03 +0800] "GET /learnByDoing/ HTTP/1.1" 404 1086
0:0:0:0:0:0:0:1 - - [09/Sep/2017:10:12:18 +0800] "GET /learnByDoing/ HTTP/1.1" 404 1086
127.0.0.1 - - [09/Sep/2017:10:13:03 +0800] "GET / HTTP/1.1" 404 1073
0:0:0:0:0:0:0:1 - - [09/Sep/2017:10:13:07 +0800] "GET /learnByDoing/ HTTP/1.1" 404 1086
0:0:0:0:0:0:0:1 - - [09/Sep/2017:10:13:10 +0800] "GET /learnByDoing HTTP/1.1" 302 -
0:0:0:0:0:0:0:1 - - [09/Sep/2017:10:13:10 +0800] "GET /learnByDoing/ HTTP/1.1" 404 1086
127.0.0.1 - - [09/Sep/2017:10:14:16 +0800] "GET / HTTP/1.1" 404 1073
0:0:0:0:0:0:0:1 - - [09/Sep/2017:10:14:18 +0800] "GET /helloworld/index.jsp HTTP/1.1" 200 864
0:0:0:0:0:0:0:1 - - [09/Sep/2017:10:14:22 +0800] "GET /helloworld/ HTTP/1.1" 200 864
0:0:0:0:0:0:0:1 - - [09/Sep/2017:10:14:24 +0800] "GET /helloworld/ HTTP/1.1" 200 864
0:0:0:0:0:0:0:1 - - [09/Sep/2017:10:14:26 +0800] "GET /helloworld/ HTTP/1.1" 200 864
0:0:0:0:0:0:0:1 - - [09/Sep/2017:10:14:27 +0800] "GET /helloworld/ HTTP/1.1" 200 864
0:0:0:0:0:0:0:1 - - [09/Sep/2017:10:14:31 +0800] "GET /learnByDoing/ HTTP/1.1" 404 1086
0:0:0:0:0:0:0:1 - - [09/Sep/2017:10:14:33 +0800] "GET /learnByDoing HTTP/1.1" 302 -
0:0:0:0:0:0:0:1 - - [09/Sep/2017:10:14:33 +0800] "GET /learnByDoing/ HTTP/1.1" 404 1086
127.0.0.1 - - [09/Sep/2017:10:14:56 +0800] "GET / HTTP/1.1" 404 1073
0:0:0:0:0:0:0:1 - - [09/Sep/2017:10:14:57 +0800] "GET /learnByDoing/ HTTP/1.1" 404 1086
0:0:0:0:0:0:0:1 - - [09/Sep/2017:10:14:59 +0800] "GET /learnByDoing/ HTTP/1.1" 404 1086
0:0:0:0:0:0:0:1 - - [09/Sep/2017:10:15:01 +0800] "GET /learnByDoing HTTP/1.1" 302 -
0:0:0:0:0:0:0:1 - - [09/Sep/2017:10:15:02 +0800] "GET /learnByDoing/ HTTP/1.1" 404 1086
127.0.0.1 - - [09/Sep/2017:10:15:24 +0800] "GET / HTTP/1.1" 404 1073
0:0:0:0:0:0:0:1 - - [09/Sep/2017:10:15:30 +0800] "GET /learnByDoing/ HTTP/1.1" 500 2612
127.0.0.1 - - [09/Sep/2017:10:15:53 +0800] "GET / HTTP/1.1" 404 1073
0:0:0:0:0:0:0:1 - - [09/Sep/2017:10:15:56 +0800] "GET /learnByDoing/ HTTP/1.1" 404 1086
0:0:0:0:0:0:0:1 - - [09/Sep/2017:10:15:57 +0800] "GET /learnByDoing/ HTTP/1.1" 404 1086
0:0:0:0:0:0:0:1 - - [09/Sep/2017:10:15:59 +0800] "GET /learnByDoing HTTP/1.1" 302 -
0:0:0:0:0:0:0:1 - - [09/Sep/2017:10:15:59 +0800] "GET /learnByDoing/ HTTP/1.1" 404 1086
127.0.0.1 - - [09/Sep/2017:10:16:09 +0800] "GET / HTTP/1.1" 404 1073
0:0:0:0:0:0:0:1 - - [09/Sep/2017:10:16:14 +0800] "GET /learnByDoing/ HTTP/1.1" 404 1086
0:0:0:0:0:0:0:1 - - [09/Sep/2017:10:16:17 +0800] "GET /learnByDoing HTTP/1.1" 302 -
0:0:0:0:0:0:0:1 - - [09/Sep/2017:10:16:17 +0800] "GET /learnByDoing/ HTTP/1.1" 404 1086
127.0.0.1 - - [09/Sep/2017:10:16:59 +0800] "GET / HTTP/1.1" 404 1073
0:0:0:0:0:0:0:1 - - [09/Sep/2017:10:16:59 +0800] "GET /learnByDoing/ HTTP/1.1" 404 1086
0:0:0:0:0:0:0:1 - - [09/Sep/2017:10:17:01 +0800] "GET /learnByDoing/ HTTP/1.1" 404 1086
0:0:0:0:0:0:0:1 - - [09/Sep/2017:10:17:02 +0800] "GET /learnByDoing/ HTTP/1.1" 404 1086
0:0:0:0:0:0:0:1 - - [09/Sep/2017:10:17:03 +0800] "GET /learnByDoing/ HTTP/1.1" 404 1086
0:0:0:0:0:0:0:1 - - [09/Sep/2017:10:17:19 +0800] "GET /learnByDoing/jsp/Test1.jsp HTTP/1.1" 404 1099
0:0:0:0:0:0:0:1 - - [09/Sep/2017:10:17:23 +0800] "GET /learnByDoing HTTP/1.1" 302 -
0:0:0:0:0:0:0:1 - - [09/Sep/2017:10:17:23 +0800] "GET /learnByDoing/ HTTP/1.1" 404 1086
0:0:0:0:0:0:0:1 - - [09/Sep/2017:10:17:24 +0800] "GET /learnByDoing/ HTTP/1.1" 404 1086
127.0.0.1 - - [09/Sep/2017:10:17:31 +0800] "GET / HTTP/1.1" 404 1073
0:0:0:0:0:0:0:1 - - [09/Sep/2017:10:17:36 +0800] "GET /learnByDoing/ HTTP/1.1" 404 1086
0:0:0:0:0:0:0:1 - - [09/Sep/2017:10:17:38 +0800] "GET /learnByDoing/ HTTP/1.1" 404 1086
127.0.0.1 - - [09/Sep/2017:10:18:38 +0800] "GET / HTTP/1.1" 404 1073
127.0.0.1 - - [09/Sep/2017:10:18:46 +0800] "GET / HTTP/1.1" 404 1073
127.0.0.1 - - [09/Sep/2017:10:18:57 +0800] "GET / HTTP/1.1" 404 1073
127.0.0.1 - - [09/Sep/2017:10:19:05 +0800] "GET / HTTP/1.1" 404 1073
0:0:0:0:0:0:0:1 - - [09/Sep/2017:10:19:09 +0800] "GET /learnByDoing/ HTTP/1.1" 500 2390
0:0:0:0:0:0:0:1 - - [09/Sep/2017:10:19:12 +0800] "GET /learnByDoing/ HTTP/1.1" 500 2390
0:0:0:0:0:0:0:1 - - [09/Sep/2017:10:19:13 +0800] "GET /learnByDoing/ HTTP/1.1" 500 2390
0:0:0:0:0:0:0:1 - - [09/Sep/2017:10:19:21 +0800] "GET /learnByDoing/ HTTP/1.1" 500 2390
0:0:0:0:0:0:0:1 - - [09/Sep/2017:10:19:22 +0800] "GET /learnByDoing/ HTTP/1.1" 500 2390
0:0:0:0:0:0:0:1 - - [09/Sep/2017:10:19:23 +0800] "GET /learnByDoing/ HTTP/1.1" 500 2390
127.0.0.1 - - [09/Sep/2017:10:22:09 +0800] "GET / HTTP/1.1" 404 1073
0:0:0:0:0:0:0:1 - - [09/Sep/2017:10:22:17 +0800] "GET /learnByDoing/jsp/Test1.jsp HTTP/1.1" 404 1099
0:0:0:0:0:0:0:1 - - [09/Sep/2017:10:22:22 +0800] "GET /learnByDoing/jsp/index.jsp HTTP/1.1" 404 1099
0:0:0:0:0:0:0:1 - - [09/Sep/2017:10:22:24 +0800] "GET /learnByDoing/jsp/index.jsp HTTP/1.1" 404 1099
0:0:0:0:0:0:0:1 - - [09/Sep/2017:10:22:24 +0800] "GET /learnByDoing/jsp/index.jsp HTTP/1.1" 404 1099
0:0:0:0:0:0:0:1 - - [09/Sep/2017:10:22:32 +0800] "GET /learnByDoing/index.jsp HTTP/1.1" 500 278
0:0:0:0:0:0:0:1 - - [09/Sep/2017:10:22:32 +0800] "GET /learnByDoing/index.jsp HTTP/1.1" 500 278
127.0.0.1 - - [09/Sep/2017:10:23:12 +0800] "GET / HTTP/1.1" 404 1073
0:0:0:0:0:0:0:1 - - [09/Sep/2017:10:23:18 +0800] "GET /learnByDoing/index.jsp HTTP/1.1" 500 2612
127.0.0.1 - - [09/Sep/2017:10:24:08 +0800] "GET / HTTP/1.1" 404 1073
0:0:0:0:0:0:0:1 - - [09/Sep/2017:10:24:12 +0800] "GET /learnByDoing/index.jsp HTTP/1.1" 500 2390
127.0.0.1 - - [09/Sep/2017:10:24:52 +0800] "GET / HTTP/1.1" 404 1073
0:0:0:0:0:0:0:1 - - [09/Sep/2017:10:24:54 +0800] "GET /learnByDoing/index.jsp HTTP/1.1" 500 2390
0:0:0:0:0:0:0:1 - - [09/Sep/2017:10:25:09 +0800] "GET /learnByDoing/inex.jsp HTTP/1.1" 404 1094
127.0.0.1 - - [09/Sep/2017:10:29:18 +0800] "GET / HTTP/1.1" 404 1073
0:0:0:0:0:0:0:1 - - [09/Sep/2017:10:29:21 +0800] "GET /learnByDoing/ HTTP/1.1" 500 2505
0:0:0:0:0:0:0:1 - - [09/Sep/2017:10:29:34 +0800] "GET /learnByDoing/ HTTP/1.1" 200 294
0:0:0:0:0:0:0:1 - - [09/Sep/2017:10:30:58 +0800] "GET /learnByDoing/ HTTP/1.1" 404 1086
0:0:0:0:0:0:0:1 - - [09/Sep/2017:10:31:03 +0800] "GET /learnByDoing/ HTTP/1.1" 404 1086
0:0:0:0:0:0:0:1 - - [09/Sep/2017:10:31:13 +0800] "GET /learnByDoing/index.jsp HTTP/1.1" 404 1095
0:0:0:0:0:0:0:1 - - [09/Sep/2017:10:31:39 +0800] "GET /learnByDoing/view/index.jsp HTTP/1.1" 200 579
127.0.0.1 - - [09/Sep/2017:10:32:00 +0800] "GET / HTTP/1.1" 404 1073
0:0:0:0:0:0:0:1 - - [09/Sep/2017:10:32:08 +0800] "GET /learnByDoing/ HTTP/1.1" 404 1086
0:0:0:0:0:0:0:1 - - [09/Sep/2017:10:34:08 +0800] "GET /learnByDoing/view/index.jsp HTTP/1.1" 200 299
0:0:0:0:0:0:0:1 - - [09/Sep/2017:10:34:34 +0800] "GET /learnByDoing/view/index.jsp HTTP/1.1" 200 299
0:0:0:0:0:0:0:1 - - [09/Sep/2017:10:34:36 +0800] "GET /learnByDoing/view/index.jsp HTTP/1.1" 200 299
0:0:0:0:0:0:0:1 - - [09/Sep/2017:10:34:49 +0800] "GET /learnByDoing/view/index.jsp HTTP/1.1" 200 299
0:0:0:0:0:0:0:1 - - [09/Sep/2017:10:34:51 +0800] "GET /learnByDoing/view/index.jsp HTTP/1.1" 200 299
0:0:0:0:0:0:0:1 - - [09/Sep/2017:10:35:12 +0800] "GET /learnByDoing/view/index.jsp HTTP/1.1" 500 139095
0:0:0:0:0:0:0:1 - - [09/Sep/2017:10:35:16 +0800] "GET /learnByDoing/view/index.jsp HTTP/1.1" 500 2837
0:0:0:0:0:0:0:1 - - [09/Sep/2017:10:36:17 +0800] "GET /learnByDoing/view/index.jsp HTTP/1.1" 200 326
127.0.0.1 - - [09/Sep/2017:10:40:45 +0800] "GET / HTTP/1.1" 404 1073
0:0:0:0:0:0:0:1 - - [09/Sep/2017:10:41:09 +0800] "GET /learnByDoing/view/index.jsp HTTP/1.1" 500 2818
0:0:0:0:0:0:0:1 - - [09/Sep/2017:10:41:21 +0800] "GET /learnByDoing/view/include.jsp HTTP/1.1" 200 557
0:0:0:0:0:0:0:1 - - [09/Sep/2017:10:42:33 +0800] "GET /learnByDoing/view/include.jsp HTTP/1.1" 200 277
0:0:0:0:0:0:0:1 - - [09/Sep/2017:10:43:11 +0800] "GET /learnByDoing/view/include.jsp HTTP/1.1" 200 273
0:0:0:0:0:0:0:1 - - [09/Sep/2017:10:43:37 +0800] "GET /learnByDoing/view/include.jsp HTTP/1.1" 200 273
0:0:0:0:0:0:0:1 - - [09/Sep/2017:10:47:04 +0800] "GET /learnByDoing/view/include.jsp HTTP/1.1" 200 265
0:0:0:0:0:0:0:1 - - [09/Sep/2017:10:47:32 +0800] "GET /learnByDoing/view/index.jsp HTTP/1.1" 200 270
0:0:0:0:0:0:0:1 - - [09/Sep/2017:10:50:17 +0800] "GET /learnByDoing/view/index.jsp HTTP/1.1" 200 277
0:0:0:0:0:0:0:1 - - [09/Sep/2017:10:52:16 +0800] "GET /learnByDoing/view/index.jsp HTTP/1.1" 200 282
0:0:0:0:0:0:0:1 - - [09/Sep/2017:10:53:48 +0800] "GET /learnByDoing/view/index.jsp HTTP/1.1" 200 287
0:0:0:0:0:0:0:1 - - [09/Sep/2017:10:54:12 +0800] "GET /learnByDoing/view/include.jsp HTTP/1.1" 200 277
0:0:0:0:0:0:0:1 - - [09/Sep/2017:10:54:12 +0800] "GET /favicon.ico HTTP/1.1" 404 1084
0:0:0:0:0:0:0:1 - - [09/Sep/2017:10:59:01 +0800] "GET /learnByDoing/view/index.jsp HTTP/1.1" 200 263
0:0:0:0:0:0:0:1 - - [09/Sep/2017:10:59:04 +0800] "GET /learnByDoing/view/include.jsp HTTP/1.1" 200 277
0:0:0:0:0:0:0:1 - - [09/Sep/2017:10:59:23 +0800] "GET /learnByDoing/view/index.jsp HTTP/1.1" 200 263
0:0:0:0:0:0:0:1 - - [09/Sep/2017:10:59:26 +0800] "GET /learnByDoing/view/include.jsp HTTP/1.1" 200 277
0:0:0:0:0:0:0:1 - - [09/Sep/2017:11:00:34 +0800] "GET /learnByDoing/view/include.jsp HTTP/1.1" 200 284
0:0:0:0:0:0:0:1 - - [09/Sep/2017:11:00:45 +0800] "GET /learnByDoing/view/index.jsp HTTP/1.1" 200 263
0:0:0:0:0:0:0:1 - - [09/Sep/2017:11:00:48 +0800] "GET /learnByDoing/view/include.jsp HTTP/1.1" 200 281
0:0:0:0:0:0:0:1 - - [09/Sep/2017:11:09:44 +0800] "GET /learnByDoing/view/index.jsp HTTP/1.1" 200 263
0:0:0:0:0:0:0:1 - - [09/Sep/2017:11:09:47 +0800] "GET /learnByDoing/view/include.jsp HTTP/1.1" 200 320
0:0:0:0:0:0:0:1 - - [09/Sep/2017:11:10:07 +0800] "GET /learnByDoing/view/index.jsp HTTP/1.1" 200 263
0:0:0:0:0:0:0:1 - - [09/Sep/2017:11:10:10 +0800] "GET /learnByDoing/view/include.jsp HTTP/1.1" 500 2521
0:0:0:0:0:0:0:1 - - [09/Sep/2017:11:11:30 +0800] "GET /learnByDoing/view/index.jsp HTTP/1.1" 200 263
0:0:0:0:0:0:0:1 - - [09/Sep/2017:11:11:33 +0800] "GET /learnByDoing/view/include.jsp HTTP/1.1" 500 2549
0:0:0:0:0:0:0:1 - - [09/Sep/2017:11:12:09 +0800] "GET /learnByDoing/view/index.jsp HTTP/1.1" 200 263
0:0:0:0:0:0:0:1 - - [09/Sep/2017:11:12:13 +0800] "GET /learnByDoing/view/include.jsp HTTP/1.1" 200 346
0:0:0:0:0:0:0:1 - - [09/Sep/2017:11:13:10 +0800] "GET /learnByDoing/view/include.jsp HTTP/1.1" 200 346
0:0:0:0:0:0:0:1 - - [09/Sep/2017:11:13:45 +0800] "GET /learnByDoing/view/index.jsp HTTP/1.1" 200 325
0:0:0:0:0:0:0:1 - - [09/Sep/2017:11:14:53 +0800] "GET /learnByDoing/view/index.jsp HTTP/1.1" 200 325
0:0:0:0:0:0:0:1 - - [09/Sep/2017:11:14:59 +0800] "GET /learnByDoing/view/include.jsp HTTP/1.1" 200 346
0:0:0:0:0:0:0:1 - - [09/Sep/2017:11:15:18 +0800] "GET /learnByDoing/view/include.jsp HTTP/1.1" 200 346
0:0:0:0:0:0:0:1 - - [09/Sep/2017:11:16:09 +0800] "GET /learnByDoing/view/include.jsp HTTP/1.1" 200 319
0:0:0:0:0:0:0:1 - - [09/Sep/2017:11:18:28 +0800] "GET /learnByDoing/view/index.jsp HTTP/1.1" 200 319
0:0:0:0:0:0:0:1 - - [09/Sep/2017:11:19:49 +0800] "GET /learnByDoing/view/index.jsp HTTP/1.1" 200 333
0:0:0:0:0:0:0:1 - - [09/Sep/2017:11:19:50 +0800] "GET /learnByDoing/view/index.jsp HTTP/1.1" 200 333
0:0:0:0:0:0:0:1 - - [09/Sep/2017:11:20:29 +0800] "GET /learnByDoing/view/index.jsp HTTP/1.1" 302 -
0:0:0:0:0:0:0:1 - - [09/Sep/2017:11:20:29 +0800] "GET /learnByDoing/view/include.jsp HTTP/1.1" 200 357
0:0:0:0:0:0:0:1 - - [09/Sep/2017:11:21:22 +0800] "GET /learnByDoing/view/index.jsp HTTP/1.1" 200 367
0:0:0:0:0:0:0:1 - - [09/Sep/2017:11:21:45 +0800] "GET /learnByDoing/view/index.jsp HTTP/1.1" 302 -
0:0:0:0:0:0:0:1 - - [09/Sep/2017:11:21:45 +0800] "GET /learnByDoing/view/include.jsp HTTP/1.1" 200 357
0:0:0:0:0:0:0:1 - - [09/Sep/2017:11:23:33 +0800] "GET /learnByDoing/view/include.jsp HTTP/1.1" 500 2696
0:0:0:0:0:0:0:1 - - [09/Sep/2017:11:23:34 +0800] "GET /favicon.ico HTTP/1.1" 404 1084
0:0:0:0:0:0:0:1 - - [09/Sep/2017:11:23:50 +0800] "GET /learnByDoing/view/include.jsp HTTP/1.1" 200 328
0:0:0:0:0:0:0:1 - - [09/Sep/2017:11:24:17 +0800] "GET /learnByDoing/view/indexjsp HTTP/1.1" 404 1099
0:0:0:0:0:0:0:1 - - [09/Sep/2017:11:24:22 +0800] "GET /learnByDoing/view/index.jsp HTTP/1.1" 302 -
0:0:0:0:0:0:0:1 - - [09/Sep/2017:11:24:22 +0800] "GET /learnByDoing/view/include.jsp HTTP/1.1" 200 356
0:0:0:0:0:0:0:1 - - [09/Sep/2017:11:24:31 +0800] "GET /learnByDoing/view/include.jsp HTTP/1.1" 200 356
0:0:0:0:0:0:0:1 - - [09/Sep/2017:11:25:13 +0800] "GET /learnByDoing/view/include.jsp HTTP/1.1" 200 357
0:0:0:0:0:0:0:1 - - [09/Sep/2017:11:25:23 +0800] "GET /learnByDoing/view/include.jsp HTTP/1.1" 500 2696
0:0:0:0:0:0:0:1 - - [09/Sep/2017:11:25:23 +0800] "GET /favicon.ico HTTP/1.1" 404 1084
